V3 3
FL /home/ise/VM/computer-architecture-lab_2025_Fall/S08/RestoringDivider.vhd 2025/12/24.11:23:24 P.20131013
EN work/restoring_divider 1766575726 \
      FL /home/ise/VM/computer-architecture-lab_2025_Fall/S08/RestoringDivider.vhd \
      PB ieee/std_logic_1164 1381692176 PB ieee/NUMERIC_STD 1381692181
AR work/restoring_divider/rtl 1766575727 \
      FL /home/ise/VM/computer-architecture-lab_2025_Fall/S08/RestoringDivider.vhd \
      EN work/restoring_divider 1766575726
