EN reg_mdr NULL /home/ise/VM/computer-architecture-lab_2025_Fall/S09/S09_2/Reg_MDR.vhd sub00/vhpl10 1769333104
EN io_port NULL /home/ise/VM/computer-architecture-lab_2025_Fall/S09/S09_2/IO_Port.vhd sub00/vhpl22 1769333116
AR structural_computer structural /home/ise/VM/computer-architecture-lab_2025_Fall/S09/S09_2/Structural_Computer.vhd sub00/vhpl25 1769333119
AR control_unit behavioral /home/ise/VM/computer-architecture-lab_2025_Fall/S09/S09_2/Control_Unit.vhd sub00/vhpl01 1769333095
EN reg_ir NULL /home/ise/VM/computer-architecture-lab_2025_Fall/S09/S09_2/Reg_IR.vhd sub00/vhpl06 1769333100
EN input_port NULL /home/ise/VM/computer-architecture-lab_2025_Fall/S09/S09_2/Input_Port.vhd sub00/vhpl20 1769333114
EN alu_block NULL /home/ise/VM/computer-architecture-lab_2025_Fall/S09/S09_2/ALU_Block.vhd sub00/vhpl12 1769333106
AR io_port behavioral /home/ise/VM/computer-architecture-lab_2025_Fall/S09/S09_2/IO_Port.vhd sub00/vhpl23 1769333117
AR addr_decoder logic /home/ise/VM/computer-architecture-lab_2025_Fall/S09/S09_2/Addr_Decoder.vhd sub00/vhpl15 1769333109
EN reg_pc NULL /home/ise/VM/computer-architecture-lab_2025_Fall/S09/S09_2/Reg_PC.vhd sub00/vhpl02 1769333096
EN reg_acc NULL /home/ise/VM/computer-architecture-lab_2025_Fall/S09/S09_2/Reg_ACC.vhd sub00/vhpl08 1769333102
AR alu_block behavioral /home/ise/VM/computer-architecture-lab_2025_Fall/S09/S09_2/ALU_Block.vhd sub00/vhpl13 1769333107
EN structural_computer NULL /home/ise/VM/computer-architecture-lab_2025_Fall/S09/S09_2/Structural_Computer.vhd sub00/vhpl24 1769333118
AR reg_ir behavioral /home/ise/VM/computer-architecture-lab_2025_Fall/S09/S09_2/Reg_IR.vhd sub00/vhpl07 1769333101
EN addr_decoder NULL /home/ise/VM/computer-architecture-lab_2025_Fall/S09/S09_2/Addr_Decoder.vhd sub00/vhpl14 1769333108
AR program_rom structural /home/ise/VM/computer-architecture-lab_2025_Fall/S09/S09_2/Program_ROM.vhd sub00/vhpl17 1769333111
AR data_ram structural /home/ise/VM/computer-architecture-lab_2025_Fall/S09/S09_2/Data_RAM.vhd sub00/vhpl19 1769333113
AR reg_pc behavioral /home/ise/VM/computer-architecture-lab_2025_Fall/S09/S09_2/Reg_PC.vhd sub00/vhpl03 1769333097
AR reg_acc behavioral /home/ise/VM/computer-architecture-lab_2025_Fall/S09/S09_2/Reg_ACC.vhd sub00/vhpl09 1769333103
EN control_unit NULL /home/ise/VM/computer-architecture-lab_2025_Fall/S09/S09_2/Control_Unit.vhd sub00/vhpl00 1769333094
AR input_port behavioral /home/ise/VM/computer-architecture-lab_2025_Fall/S09/S09_2/Input_Port.vhd sub00/vhpl21 1769333115
EN reg_mar NULL /home/ise/VM/computer-architecture-lab_2025_Fall/S09/S09_2/Reg_MAR.vhd sub00/vhpl04 1769333098
AR reg_mdr behavioral /home/ise/VM/computer-architecture-lab_2025_Fall/S09/S09_2/Reg_MDR.vhd sub00/vhpl11 1769333105
AR reg_mar behavioral /home/ise/VM/computer-architecture-lab_2025_Fall/S09/S09_2/Reg_MAR.vhd sub00/vhpl05 1769333099
EN program_rom NULL /home/ise/VM/computer-architecture-lab_2025_Fall/S09/S09_2/Program_ROM.vhd sub00/vhpl16 1769333110
EN data_ram NULL /home/ise/VM/computer-architecture-lab_2025_Fall/S09/S09_2/Data_RAM.vhd sub00/vhpl18 1769333112
