V3 3
FL /home/ise/VM/computer-architecture-lab_2025_Fall/S07/Ex_07/RAM.vhd 2025/10/15.04:19:30 P.20131013
EN work/ram 1765895617 \
      FL /home/ise/VM/computer-architecture-lab_2025_Fall/S07/Ex_07/RAM.vhd \
      PB ieee/std_logic_1164 1381692176 PB ieee/NUMERIC_STD 1381692181 \
      PB ieee/MATH_REAL 1381692182
AR work/ram/Behavioral 1765895618 \
      FL /home/ise/VM/computer-architecture-lab_2025_Fall/S07/Ex_07/RAM.vhd \
      EN work/ram 1765895617
