iMPACT Version: 14.7

iMPACT log file Started on Tue Dec 16 14:21:55 2025

Welcome to iMPACT
iMPACT Version: 14.7
Project: '/home/ise//auto_project.ipf' already exists.
Original project has been renamed to '/home/ise//auto_project_1.ipf'.
Project: /home/ise//auto_project.ipf created.
// *** BATCH CMD : setMode -bs
GUI --- Auto connect to cable...
// *** BATCH CMD : setCable -port auto
INFO:iMPACT - Digilent Plugin: Plugin Version: 2.5.2
INFO:iMPACT - Digilent Plugin: found 1 device(s).
INFO:iMPACT - Digilent Plugin: opening device: "JtagSmt2", SN:210251A08870
INFO:iMPACT - Digilent Plugin: User Name: JtagSmt2
INFO:iMPACT - Digilent Plugin: Product Name: Digilent JTAG-SMT2
INFO:iMPACT - Digilent Plugin: Serial Number: 210251A08870
INFO:iMPACT - Digilent Plugin: Product ID: 31000154
INFO:iMPACT - Digilent Plugin: Firmware Version: 010B
INFO:iMPACT - Digilent Plugin: JTAG Port Number: 0
INFO:iMPACT - Digilent Plugin: JTAG Clock Frequency: 10000000 Hz
Attempting to identify devices in the boundary-scan chain configuration...
INFO:iMPACT - Current time: 12/16/25 2:22 PM
// *** BATCH CMD : Identify -inferir 
PROGRESS_START - Starting Operation.
Identifying chain contents...'0': : Manufacturer's ID = Xilinx xc3s400, Version : 0
INFO:iMPACT:1777 - 
   Reading /opt/Xilinx/14.7/ISE_DS/ISE/spartan3/data/xc3s400.bsd...
INFO:iMPACT:501 - '1': Added Device xc3s400 successfully.
----------------------------------------------------------------------
'1': : Manufacturer's ID = Xilinx xcf02s, Version : 15
INFO:iMPACT:1777 - 
   Reading /opt/Xilinx/14.7/ISE_DS/ISE/xcf/data/xcf02s.bsd...
INFO:iMPACT:501 - '1': Added Device xcf02s successfully.
----------------------------------------------------------------------
done.
PROGRESS_END - End Operation.
Elapsed time =      0 sec.
// *** BATCH CMD : identifyMPM 
// *** BATCH CMD : assignFile -p 2 -file"/home/ise/VM/computer-architecture-lab_2025_Fall/S07/Ex_07/ram.bit"
'2': Loading file'/home/ise/VM/computer-architecture-lab_2025_Fall/S07/Ex_07/ram.bit' ...
done.
INFO:iMPACT:2257 - Startup Clock has been changed to 'JtagClk' in the bitstream   stored in memory,
   but the original bitstream file remains unchanged.
UserID read from the bitstream file = 0xFFFFFFFF.
----------------------------------------------------------------------
INFO:iMPACT:501 - '2': Added Device xc3s400 successfully.
----------------------------------------------------------------------
INFO:iMPACT - Current time: 12/16/25 2:22 PM
// *** BATCH CMD : Program -p 2 
Maximum TCK operating frequency for this device chain: 15000000.
Validating chain...
Boundary-scan chain validated successfully.
'2': Programming device...
PROGRESS_START - Starting Operation.
 Match_cycle = NoWait.
Match cycle: NoWait
 LCK_cycle = NoWait.
LCK cycle: NoWait
done.
INFO:iMPACT:2219 - Status register values:
INFO:iMPACT - 0011 0111 1111 1000 0000 0000 0000 0000 
INFO:iMPACT:579 - '2': Completed downloading bit file to device.
INFO:iMPACT:188 - '2': Programming completed successfully.
 Match_cycle = NoWait.
Match cycle: NoWait
 LCK_cycle = NoWait.
LCK cycle: NoWait
INFO:iMPACT - '2': Checking done pin....done.
'2': Programmed successfully.
PROGRESS_END - End Operation.
Elapsed time =      0 sec.
Project: '/home/ise//auto_project.ipf' created.
// *** BATCH CMD : setMode -bs
// *** BATCH CMD : setMode -ss
// *** BATCH CMD : setMode -sm
// *** BATCH CMD : setMode -hw140
// *** BATCH CMD : setMode -spi
// *** BATCH CMD : setMode -acecf
// *** BATCH CMD : setMode -acempm
// *** BATCH CMD : setMode -pff
// *** BATCH CMD : setMode -bs
// *** BATCH CMD : saveProjectFile -file "/home/ise//auto_project.ipf"
// *** BATCH CMD : setMode -bs
// *** BATCH CMD : deleteDevice -position 1
----------------------------------------------------------------------
// *** BATCH CMD : deleteDevice -position 1
// *** BATCH CMD : setMode -bs
// *** BATCH CMD : setMode -ss
// *** BATCH CMD : setMode -sm
// *** BATCH CMD : setMode -hw140
// *** BATCH CMD : setMode -spi
// *** BATCH CMD : setMode -acecf
// *** BATCH CMD : setMode -acempm
// *** BATCH CMD : setMode -pff
