--------------------------------------------------------------------------------
Release 14.7 Trace  (lin64)
Copyright (c) 1995-2013 Xilinx, Inc.  All rights reserved.

/opt/Xilinx/14.7/ISE_DS/ISE/bin/lin64/unwrapped/trce -intstyle ise -v 3 -s 5 -n
3 -fastpaths -xml ram.twx ram.ncd -o ram.twr ram.pcf -ucf ram.ucf

Design file:              ram.ncd
Physical constraint file: ram.pcf
Device,package,speed:     xc3s400,pq208,-5 (PRODUCTION 1.39 2013-10-13)
Report level:             verbose report

Environment Variable      Effect 
--------------------      ------ 
NONE                      No environment variables were set
--------------------------------------------------------------------------------

INFO:Timing:2698 - No timing constraints found, doing default enumeration.
INFO:Timing:3412 - To improve timing, see the Timing Closure User Guide (UG612).
INFO:Timing:2752 - To get complete path coverage, use the unconstrained paths 
   option. All paths that are not constrained will be reported in the 
   unconstrained paths section(s) of the report.
INFO:Timing:3339 - The clock-to-out numbers in this timing report are based on 
   a 50 Ohm transmission line loading model.  For the details of this model, 
   and for more information on accounting for different loading conditions, 
   please see the device datasheet.
INFO:Timing:3390 - This architecture does not support a default System Jitter 
   value, please add SYSTEM_JITTER constraint to the UCF to modify the Clock 
   Uncertainty calculation.
INFO:Timing:3389 - This architecture does not support 'Discrete Jitter' and 
   'Phase Error' calculations, these terms will be zero in the Clock 
   Uncertainty calculation.  Please make appropriate modification to 
   SYSTEM_JITTER to account for the unsupported Discrete Jitter and Phase 
   Error.



Data Sheet report:
-----------------
All values displayed in nanoseconds (ns)

Setup/Hold to clock clk
-------------+------------+------------+------------------+--------+
             |Max Setup to|Max Hold to |                  | Clock  |
Source       | clk (edge) | clk (edge) |Internal Clock(s) | Phase  |
-------------+------------+------------+------------------+--------+
addr<0>      |    4.274(R)|   -0.240(R)|clk_BUFGP         |   0.000|
addr<1>      |    3.969(R)|   -0.189(R)|clk_BUFGP         |   0.000|
addr<2>      |    4.783(R)|   -0.039(R)|clk_BUFGP         |   0.000|
addr<3>      |    5.839(R)|    0.079(R)|clk_BUFGP         |   0.000|
input_data<0>|    2.840(R)|   -0.256(R)|clk_BUFGP         |   0.000|
input_data<1>|    3.684(R)|   -0.210(R)|clk_BUFGP         |   0.000|
input_data<2>|    2.126(R)|    0.315(R)|clk_BUFGP         |   0.000|
input_data<3>|    2.563(R)|    0.211(R)|clk_BUFGP         |   0.000|
input_data<4>|    2.582(R)|   -0.041(R)|clk_BUFGP         |   0.000|
input_data<5>|    2.831(R)|    0.132(R)|clk_BUFGP         |   0.000|
input_data<6>|    3.088(R)|   -0.215(R)|clk_BUFGP         |   0.000|
input_data<7>|    1.951(R)|    0.455(R)|clk_BUFGP         |   0.000|
readOut      |    6.058(R)|   -0.778(R)|clk_BUFGP         |   0.000|
rst          |    5.236(R)|   -1.877(R)|clk_BUFGP         |   0.000|
writeIn      |    5.544(R)|   -0.351(R)|clk_BUFGP         |   0.000|
-------------+------------+------------+------------------+--------+

Clock clk to Pad
--------------+------------+------------------+--------+
              | clk (edge) |                  | Clock  |
Destination   |   to PAD   |Internal Clock(s) | Phase  |
--------------+------------+------------------+--------+
output_data<0>|   10.797(R)|clk_BUFGP         |   0.000|
output_data<1>|   10.633(R)|clk_BUFGP         |   0.000|
output_data<2>|   10.883(R)|clk_BUFGP         |   0.000|
output_data<3>|   10.637(R)|clk_BUFGP         |   0.000|
output_data<4>|   10.454(R)|clk_BUFGP         |   0.000|
output_data<5>|   10.210(R)|clk_BUFGP         |   0.000|
output_data<6>|   10.544(R)|clk_BUFGP         |   0.000|
output_data<7>|   10.552(R)|clk_BUFGP         |   0.000|
--------------+------------+------------------+--------+

Clock to Setup on destination clock clk
---------------+---------+---------+---------+---------+
               | Src:Rise| Src:Fall| Src:Rise| Src:Fall|
Source Clock   |Dest:Rise|Dest:Rise|Dest:Fall|Dest:Fall|
---------------+---------+---------+---------+---------+
clk            |    2.831|         |         |         |
---------------+---------+---------+---------+---------+


Analysis completed Tue Dec 16 14:34:38 2025 
--------------------------------------------------------------------------------

Trace Settings:
-------------------------
Trace Settings 

Peak Memory Usage: 321 MB



