--------------------------------------------------------------------------------
Release 14.7 Trace  (nt64)
Copyright (c) 1995-2013 Xilinx, Inc.  All rights reserved.

C:\Xilinx\14.7\ISE_DS\ISE\bin\nt64\unwrapped\trce.exe -intstyle ise -v 3 -s 5
-n 3 -fastpaths -xml CarrySaveMultiplier4bit.twx CarrySaveMultiplier4bit.ncd -o
CarrySaveMultiplier4bit.twr CarrySaveMultiplier4bit.pcf -ucf
CarrySaveMultiplier4bit.ucf

Design file:              CarrySaveMultiplier4bit.ncd
Physical constraint file: CarrySaveMultiplier4bit.pcf
Device,package,speed:     xc3s400,pq208,-5 (PRODUCTION 1.39 2013-10-13)
Report level:             verbose report

Environment Variable      Effect 
--------------------      ------ 
NONE                      No environment variables were set
--------------------------------------------------------------------------------

INFO:Timing:2698 - No timing constraints found, doing default enumeration.
INFO:Timing:3412 - To improve timing, see the Timing Closure User Guide (UG612).
INFO:Timing:2752 - To get complete path coverage, use the unconstrained paths 
   option. All paths that are not constrained will be reported in the 
   unconstrained paths section(s) of the report.
INFO:Timing:3339 - The clock-to-out numbers in this timing report are based on 
   a 50 Ohm transmission line loading model.  For the details of this model, 
   and for more information on accounting for different loading conditions, 
   please see the device datasheet.
INFO:Timing:3390 - This architecture does not support a default System Jitter 
   value, please add SYSTEM_JITTER constraint to the UCF to modify the Clock 
   Uncertainty calculation.
INFO:Timing:3389 - This architecture does not support 'Discrete Jitter' and 
   'Phase Error' calculations, these terms will be zero in the Clock 
   Uncertainty calculation.  Please make appropriate modification to 
   SYSTEM_JITTER to account for the unsupported Discrete Jitter and Phase 
   Error.



Data Sheet report:
-----------------
All values displayed in nanoseconds (ns)

Pad to Pad
---------------+---------------+---------+
Source Pad     |Destination Pad|  Delay  |
---------------+---------------+---------+
A<0>           |Product<0>     |   10.337|
A<0>           |Product<1>     |   10.193|
A<0>           |Product<2>     |   11.045|
A<0>           |Product<3>     |   11.290|
A<0>           |Product<4>     |   11.743|
A<0>           |Product<5>     |   12.294|
A<0>           |Product<6>     |   13.359|
A<0>           |Product<7>     |   12.750|
A<1>           |Product<1>     |   10.207|
A<1>           |Product<2>     |   10.836|
A<1>           |Product<3>     |   11.974|
A<1>           |Product<4>     |   12.577|
A<1>           |Product<5>     |   12.531|
A<1>           |Product<6>     |   13.596|
A<1>           |Product<7>     |   12.987|
A<2>           |Product<2>     |   11.975|
A<2>           |Product<3>     |   12.788|
A<2>           |Product<4>     |   13.946|
A<2>           |Product<5>     |   13.900|
A<2>           |Product<6>     |   14.965|
A<2>           |Product<7>     |   14.356|
A<3>           |Product<3>     |   11.568|
A<3>           |Product<4>     |   12.911|
A<3>           |Product<5>     |   12.865|
A<3>           |Product<6>     |   13.930|
A<3>           |Product<7>     |   13.321|
B<0>           |Product<0>     |   11.330|
B<0>           |Product<1>     |   11.255|
B<0>           |Product<2>     |   11.773|
B<0>           |Product<3>     |   12.809|
B<0>           |Product<4>     |   14.035|
B<0>           |Product<5>     |   13.989|
B<0>           |Product<6>     |   15.054|
B<0>           |Product<7>     |   14.445|
B<1>           |Product<1>     |   12.368|
B<1>           |Product<2>     |   12.676|
B<1>           |Product<3>     |   13.838|
B<1>           |Product<4>     |   14.441|
B<1>           |Product<5>     |   14.395|
B<1>           |Product<6>     |   15.460|
B<1>           |Product<7>     |   14.851|
B<2>           |Product<2>     |   11.304|
B<2>           |Product<3>     |   11.932|
B<2>           |Product<4>     |   13.463|
B<2>           |Product<5>     |   13.417|
B<2>           |Product<6>     |   14.482|
B<2>           |Product<7>     |   13.873|
B<3>           |Product<3>     |   10.229|
B<3>           |Product<4>     |   11.499|
B<3>           |Product<5>     |   12.552|
B<3>           |Product<6>     |   13.916|
B<3>           |Product<7>     |   13.307|
---------------+---------------+---------+


Analysis completed Wed Dec 03 14:44:19 2025 
--------------------------------------------------------------------------------

Trace Settings:
-------------------------
Trace Settings 

Peak Memory Usage: 143 MB



