Running: /opt/Xilinx/14.7/ISE_DS/ISE/bin/lin64/unwrapped/fuse -intstyle ise -incremental -o /home/ise/VM/computer-architecture-lab_2025_Fall/S08/tb_restoring_divider_isim_beh.exe -prj /home/ise/VM/computer-architecture-lab_2025_Fall/S08/tb_restoring_divider_beh.prj work.tb_restoring_divider 
ISim P.20131013 (signature 0xfbc00daa)
Number of CPUs detected in this system: 1
Turning on mult-threading, number of parallel sub-compilation jobs: 0 
Determining compilation order of HDL files
Parsing VHDL file "/home/ise/VM/computer-architecture-lab_2025_Fall/S08/RestoringDivider.vhd" into library work
Parsing VHDL file "/home/ise/VM/computer-architecture-lab_2025_Fall/S08/RB_tb.vhd" into library work
Starting static elaboration
Completed static elaboration
Fuse Memory Usage: 96824 KB
Fuse CPU Usage: 1140 ms
Compiling package standard
Compiling package std_logic_1164
Compiling package numeric_std
Compiling architecture rtl of entity restoring_divider [restoring_divider_default]
Compiling architecture sim of entity tb_restoring_divider
Time Resolution for simulation is 1ps.
Compiled 6 VHDL Units
Built simulation executable /home/ise/VM/computer-architecture-lab_2025_Fall/S08/tb_restoring_divider_isim_beh.exe
Fuse Memory Usage: 111544 KB
Fuse CPU Usage: 1320 ms
GCC CPU Usage: 2080 ms
