V3 14
FL /home/ise/VM/computer-architecture-lab_2025_Fall/S05/rippl_adder/Full_Adder.vhd 2025/11/12.09:28:28 P.20131013
EN work/Full_Adder 1762942251 \
      FL /home/ise/VM/computer-architecture-lab_2025_Fall/S05/rippl_adder/Full_Adder.vhd \
      PB ieee/std_logic_1164 1381692176
AR work/Full_Adder/Structure 1762942252 \
      FL /home/ise/VM/computer-architecture-lab_2025_Fall/S05/rippl_adder/Full_Adder.vhd \
      EN work/Full_Adder 1762942251 CP Half_Adder
FL /home/ise/VM/computer-architecture-lab_2025_Fall/S05/rippl_adder/Half_Adder.vhd 2025/11/12.09:28:28 P.20131013
EN work/Half_Adder 1762942249 \
      FL /home/ise/VM/computer-architecture-lab_2025_Fall/S05/rippl_adder/Half_Adder.vhd \
      PB ieee/std_logic_1164 1381692176
AR work/Half_Adder/Dataflow 1762942250 \
      FL /home/ise/VM/computer-architecture-lab_2025_Fall/S05/rippl_adder/Half_Adder.vhd \
      EN work/Half_Adder 1762942249
FL /home/ise/VM/computer-architecture-lab_2025_Fall/S05/rippl_adder/Ripple_Carry_Adder_4bit.vhd 2025/11/12.09:28:28 P.20131013
EN work/Ripple_Carry_Adder_4bit 1762942253 \
      FL /home/ise/VM/computer-architecture-lab_2025_Fall/S05/rippl_adder/Ripple_Carry_Adder_4bit.vhd \
      PB ieee/std_logic_1164 1381692176
AR work/Ripple_Carry_Adder_4bit/Structure 1762942254 \
      FL /home/ise/VM/computer-architecture-lab_2025_Fall/S05/rippl_adder/Ripple_Carry_Adder_4bit.vhd \
      EN work/Ripple_Carry_Adder_4bit 1762942253 CP Full_Adder
FL C:/Users/Lenovo/Desktop/H_B/rippl_adder/Full_Adder.vhd 2025/10/29.11:51:30 P.20131013
FL C:/Users/Lenovo/Desktop/H_B/rippl_adder/Half_Adder.vhd 2025/10/29.11:51:30 P.20131013
FL C:/Users/Lenovo/Desktop/H_B/rippl_adder/Ripple_Carry_Adder_4bit.vhd 2025/10/29.11:50:47 P.20131013
