AR cla_4bit dataflow /home/ise/VM/computer-architecture-lab_2025_Fall/S05/CLA_bit/CLA_4bit.vhd sub00/vhpl01 1762942546
EN tb_cla4 NULL C:/Users/Lenovo/Desktop/H_B/CLA_bit/tb_cla4.vhd sub00/vhpl02 1761731682
EN cla_4bit NULL /home/ise/VM/computer-architecture-lab_2025_Fall/S05/CLA_bit/CLA_4bit.vhd sub00/vhpl00 1762942545
