EN mux2_bit NULL C:/Users/Lenovo/Desktop/H_B/csaadder/mux2_bit.vhd sub00/vhpl06 1761727416
EN mux2_vec2 NULL C:/Users/Lenovo/Desktop/H_B/csaadder/mux2_vec2.vhd sub00/vhpl04 1761727414
AR csla4 structural C:/Users/Lenovo/Desktop/H_B/csaadder/csla4.vhd sub00/vhpl11 1761727421
EN rca2 NULL C:/Users/Lenovo/Desktop/H_B/csaadder/rca2.vhd sub00/vhpl02 1761727412
EN csla_block NULL C:/Users/Lenovo/Desktop/H_B/csaadder/csla_block.vhd sub00/vhpl08 1761727418
AR mux2_bit rtl C:/Users/Lenovo/Desktop/H_B/csaadder/mux2_bit.vhd sub00/vhpl07 1761727417
AR full_adder rtl C:/Users/Lenovo/Desktop/H_B/csaadder/full_adder.vhd sub00/vhpl01 1761727411
AR rca2 structural C:/Users/Lenovo/Desktop/H_B/csaadder/rca2.vhd sub00/vhpl03 1761727413
EN full_adder NULL C:/Users/Lenovo/Desktop/H_B/csaadder/full_adder.vhd sub00/vhpl00 1761727410
AR csla_block structural C:/Users/Lenovo/Desktop/H_B/csaadder/csla_block.vhd sub00/vhpl09 1761727419
EN csla4 NULL C:/Users/Lenovo/Desktop/H_B/csaadder/csla4.vhd sub00/vhpl10 1761727420
AR mux2_vec2 rtl C:/Users/Lenovo/Desktop/H_B/csaadder/mux2_vec2.vhd sub00/vhpl05 1761727415
