V3 18
FL C:/Users/Lenovo/Desktop/H_B/csaadder/csla4.vhd 2025/10/29.12:13:29 P.20131013
EN work/csla4 1761727420 FL C:/Users/Lenovo/Desktop/H_B/csaadder/csla4.vhd \
      PB ieee/std_logic_1164 1381692176
AR work/csla4/structural 1761727421 \
      FL C:/Users/Lenovo/Desktop/H_B/csaadder/csla4.vhd EN work/csla4 1761727420 \
      AR work/csla_block/structural 1761727419
FL C:/Users/Lenovo/Desktop/H_B/csaadder/csla_block.vhd 2025/10/29.10:49:01 P.20131013
EN work/csla_block 1761727418 \
      FL C:/Users/Lenovo/Desktop/H_B/csaadder/csla_block.vhd \
      PB ieee/std_logic_1164 1381692176
AR work/csla_block/structural 1761727419 \
      FL C:/Users/Lenovo/Desktop/H_B/csaadder/csla_block.vhd EN work/csla_block 1761727418 \
      AR work/rca2/structural 1761727413 AR work/mux2_vec2/rtl 1761727415 \
      AR work/mux2_bit/rtl 1761727417
FL C:/Users/Lenovo/Desktop/H_B/csaadder/full_adder.vhd 2025/10/29.10:29:01 P.20131013
EN work/full_adder 1761727410 \
      FL C:/Users/Lenovo/Desktop/H_B/csaadder/full_adder.vhd \
      PB ieee/std_logic_1164 1381692176
AR work/full_adder/rtl 1761727411 \
      FL C:/Users/Lenovo/Desktop/H_B/csaadder/full_adder.vhd EN work/full_adder 1761727410
FL C:/Users/Lenovo/Desktop/H_B/csaadder/mux2_bit.vhd 2025/10/29.10:49:01 P.20131013
EN work/mux2_bit 1761727416 FL C:/Users/Lenovo/Desktop/H_B/csaadder/mux2_bit.vhd \
      PB ieee/std_logic_1164 1381692176
AR work/mux2_bit/rtl 1761727417 \
      FL C:/Users/Lenovo/Desktop/H_B/csaadder/mux2_bit.vhd EN work/mux2_bit 1761727416
FL C:/Users/Lenovo/Desktop/H_B/csaadder/mux2_vec2.vhd 2025/10/29.10:49:01 P.20131013
EN work/mux2_vec2 1761727414 \
      FL C:/Users/Lenovo/Desktop/H_B/csaadder/mux2_vec2.vhd \
      PB ieee/std_logic_1164 1381692176
AR work/mux2_vec2/rtl 1761727415 \
      FL C:/Users/Lenovo/Desktop/H_B/csaadder/mux2_vec2.vhd EN work/mux2_vec2 1761727414
FL C:/Users/Lenovo/Desktop/H_B/csaadder/rca2.vhd 2025/10/29.10:49:01 P.20131013
EN work/rca2 1761727412 FL C:/Users/Lenovo/Desktop/H_B/csaadder/rca2.vhd \
      PB ieee/std_logic_1164 1381692176
AR work/rca2/structural 1761727413 \
      FL C:/Users/Lenovo/Desktop/H_B/csaadder/rca2.vhd EN work/rca2 1761727412 \
      AR work/full_adder/rtl 1761727411
