V3 11
FL C:/Users/Lenovo/Desktop/H_B/rippl_adder/Full_Adder.vhd 2025/10/29.11:51:30 P.20131013
EN work/Full_Adder 1761733436 \
      FL C:/Users/Lenovo/Desktop/H_B/rippl_adder/Full_Adder.vhd \
      PB ieee/std_logic_1164 1381692176
AR work/Full_Adder/Structure 1761733437 \
      FL C:/Users/Lenovo/Desktop/H_B/rippl_adder/Full_Adder.vhd \
      EN work/Full_Adder 1761733436 CP Half_Adder
FL C:/Users/Lenovo/Desktop/H_B/rippl_adder/Half_Adder.vhd 2025/10/29.11:51:30 P.20131013
EN work/Half_Adder 1761733434 \
      FL C:/Users/Lenovo/Desktop/H_B/rippl_adder/Half_Adder.vhd \
      PB ieee/std_logic_1164 1381692176
AR work/Half_Adder/Dataflow 1761733435 \
      FL C:/Users/Lenovo/Desktop/H_B/rippl_adder/Half_Adder.vhd \
      EN work/Half_Adder 1761733434
FL C:/Users/Lenovo/Desktop/H_B/rippl_adder/Ripple_Carry_Adder_4bit.vhd 2025/10/29.11:50:47 P.20131013
EN work/Ripple_Carry_Adder_4bit 1761733438 \
      FL C:/Users/Lenovo/Desktop/H_B/rippl_adder/Ripple_Carry_Adder_4bit.vhd \
      PB ieee/std_logic_1164 1381692176
AR work/Ripple_Carry_Adder_4bit/Structure 1761733439 \
      FL C:/Users/Lenovo/Desktop/H_B/rippl_adder/Ripple_Carry_Adder_4bit.vhd \
      EN work/Ripple_Carry_Adder_4bit 1761733438 CP Full_Adder
