#-----------------------------------------------------------
# PlanAhead v14.7 (64-bit)
# Build 321239 by xbuild on Fri Sep 27 19:29:51 MDT 2013
# Start of session at: Wed Oct 29 13:26:08 2025
# Process ID: 2980
# Log file: C:/Users/Lenovo/Desktop/H_B/CLA_bit/planAhead_run_1/planAhead.log
# Journal file: C:/Users/Lenovo/Desktop/H_B/CLA_bit/planAhead_run_1/planAhead.jou
#-----------------------------------------------------------
start_gui
source C:/Users/Lenovo/Desktop/H_B/CLA_bit/pa.fromHdl.tcl
update_compile_order -fileset sim_1
startgroup
set_property package_pin P183 [get_ports {A[3]}]
endgroup
startgroup
set_property package_pin P182 [get_ports {A[2]}]
endgroup
startgroup
set_property package_pin P181 [get_ports {A[1]}]
endgroup
startgroup
set_property package_pin P180 [get_ports {A[0]}]
endgroup
startgroup
set_property package_pin P171 [get_ports {B[3]}]
endgroup
startgroup
set_property package_pin P171 [get_ports {B[3]}]
endgroup
startgroup
set_property package_pin P169 [get_ports {B[2]}]
endgroup
startgroup
set_property package_pin P168 [get_ports {B[1]}]
endgroup
startgroup
set_property package_pin P167 [get_ports {B[0]}]
endgroup
startgroup
set_property package_pin P161 [get_ports Cin]
endgroup
startgroup
set_property package_pin P71 [get_ports Cout]
endgroup
startgroup
set_property package_pin P68 [get_ports {S[3]}]
endgroup
startgroup
set_property package_pin P67 [get_ports {S[2]}]
endgroup
startgroup
set_property package_pin P65 [get_ports {S[1]}]
endgroup
startgroup
set_property package_pin P64 [get_ports {S[0]}]
endgroup
save_constraints
