Release 14.7 - xst P.20131013 (lin64)
Copyright (c) 1995-2013 Xilinx, Inc.  All rights reserved.
--> 
Parameter TMPDIR set to xst/projnav.tmp


Total REAL time to Xst completion: 0.00 secs
Total CPU time to Xst completion: 0.00 secs
 
--> 
Parameter xsthdpdir set to xst


Total REAL time to Xst completion: 0.00 secs
Total CPU time to Xst completion: 0.00 secs
 
--> 
Reading design: Top_System.prj

TABLE OF CONTENTS
  1) Synthesis Options Summary
  2) HDL Compilation
  3) Design Hierarchy Analysis
  4) HDL Analysis
  5) HDL Synthesis
     5.1) HDL Synthesis Report
  6) Advanced HDL Synthesis
     6.1) Advanced HDL Synthesis Report
  7) Low Level Synthesis
  8) Partition Report
  9) Final Report
	9.1) Device utilization summary
	9.2) Partition Resource Summary
	9.3) TIMING REPORT


=========================================================================
*                      Synthesis Options Summary                        *
=========================================================================
---- Source Parameters
Input File Name                    : "Top_System.prj"
Input Format                       : mixed
Ignore Synthesis Constraint File   : NO

---- Target Parameters
Output File Name                   : "Top_System"
Output Format                      : NGC
Target Device                      : xc3s400-5-pq208

---- Source Options
Top Module Name                    : Top_System
Automatic FSM Extraction           : YES
FSM Encoding Algorithm             : Auto
Safe Implementation                : No
FSM Style                          : LUT
RAM Extraction                     : Yes
RAM Style                          : Auto
ROM Extraction                     : Yes
Mux Style                          : Auto
Decoder Extraction                 : YES
Priority Encoder Extraction        : Yes
Shift Register Extraction          : YES
Logical Shifter Extraction         : YES
XOR Collapsing                     : YES
ROM Style                          : Auto
Mux Extraction                     : Yes
Resource Sharing                   : YES
Asynchronous To Synchronous        : NO
Multiplier Style                   : Auto
Automatic Register Balancing       : No

---- Target Options
Add IO Buffers                     : YES
Global Maximum Fanout              : 100000
Add Generic Clock Buffer(BUFG)     : 8
Register Duplication               : YES
Slice Packing                      : YES
Optimize Instantiated Primitives   : NO
Use Clock Enable                   : Yes
Use Synchronous Set                : Yes
Use Synchronous Reset              : Yes
Pack IO Registers into IOBs        : Auto
Equivalent register Removal        : YES

---- General Options
Optimization Goal                  : Speed
Optimization Effort                : 1
Keep Hierarchy                     : No
Netlist Hierarchy                  : As_Optimized
RTL Output                         : Yes
Global Optimization                : AllClockNets
Read Cores                         : YES
Write Timing Constraints           : NO
Cross Clock Analysis               : NO
Hierarchy Separator                : /
Bus Delimiter                      : <>
Case Specifier                     : Maintain
Slice Utilization Ratio            : 100
BRAM Utilization Ratio             : 100
Verilog 2001                       : YES
Auto BRAM Packing                  : NO
Slice Utilization Ratio Delta      : 5

=========================================================================


=========================================================================
*                          HDL Compilation                              *
=========================================================================
Compiling vhdl file "/home/ise/VM/computer-architecture-lab_2025_Fall/S09/S09_1/Processor_Unit.vhd" in Library work.
WARNING:HDLParsers:3530 - Time stamp of file "/home/ise/VM/computer-architecture-lab_2025_Fall/S09/S09_1/Processor_Unit.vhd" is newer than current system time.
Architecture behavior of Entity simple_cpu is up to date.
Compiling vhdl file "/home/ise/VM/computer-architecture-lab_2025_Fall/S09/S09_1/Memory_Unit.vhd" in Library work.
WARNING:HDLParsers:3530 - Time stamp of file "/home/ise/VM/computer-architecture-lab_2025_Fall/S09/S09_1/Memory_Unit.vhd" is newer than current system time.
Architecture behavioral of Entity memory_block is up to date.
Compiling vhdl file "/home/ise/VM/computer-architecture-lab_2025_Fall/S09/S09_1/Computer_System.vhd" in Library work.
WARNING:HDLParsers:3530 - Time stamp of file "/home/ise/VM/computer-architecture-lab_2025_Fall/S09/S09_1/Computer_System.vhd" is newer than current system time.
Architecture structural of Entity top_system is up to date.

=========================================================================
*                     Design Hierarchy Analysis                         *
=========================================================================
Analyzing hierarchy for entity <Top_System> in library <work> (architecture <structural>).

Analyzing hierarchy for entity <Simple_CPU> in library <work> (architecture <Behavior>).

Analyzing hierarchy for entity <Memory_Block> in library <work> (architecture <Behavioral>).


=========================================================================
*                            HDL Analysis                               *
=========================================================================
Analyzing Entity <Top_System> in library <work> (Architecture <structural>).
Entity <Top_System> analyzed. Unit <Top_System> generated.

Analyzing Entity <Simple_CPU> in library <work> (Architecture <Behavior>).
Entity <Simple_CPU> analyzed. Unit <Simple_CPU> generated.

Analyzing Entity <Memory_Block> in library <work> (Architecture <Behavioral>).
Entity <Memory_Block> analyzed. Unit <Memory_Block> generated.


=========================================================================
*                           HDL Synthesis                               *
=========================================================================

Performing bidirectional port resolution...

Synthesizing Unit <Simple_CPU>.
    Related source file is "/home/ise/VM/computer-architecture-lab_2025_Fall/S09/S09_1/Processor_Unit.vhd".
WARNING:Xst:646 - Signal <IR<3:0>> is assigned but never used. This unconnected signal will be trimmed during the optimization process.
    Found finite state machine <FSM_0> for signal <state>.
    -----------------------------------------------------------------------
    | States             | 3                                              |
    | Transitions        | 7                                              |
    | Inputs             | 4                                              |
    | Outputs            | 4                                              |
    | Clock              | clk                       (rising_edge)        |
    | Clock enable       | halted                    (negative)           |
    | Reset              | rst_n                     (negative)           |
    | Reset type         | asynchronous                                   |
    | Reset State        | 00                                             |
    | Power Up State     | 00                                             |
    | Encoding           | automatic                                      |
    | Implementation     | LUT                                            |
    -----------------------------------------------------------------------
    Found 1-bit register for signal <mem_wr>.
    Found 8-bit register for signal <led_display>.
    Found 8-bit register for signal <mem_data_out>.
    Found 9-bit register for signal <ACC>.
    Found 9-bit addsub for signal <ACC$addsub0000>.
    Found 1-bit register for signal <halted>.
    Found 8-bit register for signal <IR>.
    Found 4-bit register for signal <MAR>.
    Found 4-bit up counter for signal <PC>.
    Summary:
	inferred   1 Finite State Machine(s).
	inferred   1 Counter(s).
	inferred  39 D-type flip-flop(s).
	inferred   1 Adder/Subtractor(s).
Unit <Simple_CPU> synthesized.


Synthesizing Unit <Memory_Block>.
    Related source file is "/home/ise/VM/computer-architecture-lab_2025_Fall/S09/S09_1/Memory_Unit.vhd".
    Found 16x8-bit single-port RAM <Mram_RAM_DATA> for signal <RAM_DATA>.
    Summary:
	inferred   1 RAM(s).
Unit <Memory_Block> synthesized.


Synthesizing Unit <Top_System>.
    Related source file is "/home/ise/VM/computer-architecture-lab_2025_Fall/S09/S09_1/Computer_System.vhd".
Unit <Top_System> synthesized.

INFO:Xst:1767 - HDL ADVISOR - Resource sharing has identified that some arithmetic operations in this design can share the same physical resources for reduced device utilization. For improved clock frequency you may try to disable resource sharing.

=========================================================================
HDL Synthesis Report

Macro Statistics
# RAMs                                                 : 1
 16x8-bit single-port RAM                              : 1
# Adders/Subtractors                                   : 1
 9-bit addsub                                          : 1
# Counters                                             : 1
 4-bit up counter                                      : 1
# Registers                                            : 7
 1-bit register                                        : 2
 4-bit register                                        : 1
 8-bit register                                        : 3
 9-bit register                                        : 1

=========================================================================

=========================================================================
*                       Advanced HDL Synthesis                          *
=========================================================================

Analyzing FSM <FSM_0> for best encoding.
Optimizing FSM <CPU_Inst/state/FSM> on signal <state[1:2]> with user encoding.
-------------------
 State | Encoding
-------------------
 00    | 00
 01    | 01
 10    | 10
-------------------
WARNING:Xst:2677 - Node <IR_0> of sequential type is unconnected in block <CPU_Inst>.
WARNING:Xst:2677 - Node <IR_1> of sequential type is unconnected in block <CPU_Inst>.
WARNING:Xst:2677 - Node <IR_2> of sequential type is unconnected in block <CPU_Inst>.
WARNING:Xst:2677 - Node <IR_3> of sequential type is unconnected in block <CPU_Inst>.

Synthesizing (advanced) Unit <Memory_Block>.
INFO:Xst:3218 - HDL ADVISOR - The RAM <Mram_RAM_DATA> will be implemented on LUTs either because you have described an asynchronous read or because of currently unsupported block RAM features. If you have described an asynchronous read, making it synchronous would allow you to take advantage of available block RAM resources, for optimized device usage and improved timings. Please refer to your documentation for coding guidelines.
    -----------------------------------------------------------------------
    | ram_type           | Distributed                         |          |
    -----------------------------------------------------------------------
    | Port A                                                              |
    |     aspect ratio   | 16-word x 8-bit                     |          |
    |     clkA           | connected to signal <sys_clk>       | rise     |
    |     weA            | connected to signal <wr_en>         | high     |
    |     addrA          | connected to signal <addr_in>       |          |
    |     diA            | connected to signal <data_in>       |          |
    |     doA            | connected to signal <data_out>      |          |
    -----------------------------------------------------------------------
Unit <Memory_Block> synthesized (advanced).
WARNING:Xst:2677 - Node <IR_0> of sequential type is unconnected in block <Simple_CPU>.
WARNING:Xst:2677 - Node <IR_1> of sequential type is unconnected in block <Simple_CPU>.
WARNING:Xst:2677 - Node <IR_2> of sequential type is unconnected in block <Simple_CPU>.
WARNING:Xst:2677 - Node <IR_3> of sequential type is unconnected in block <Simple_CPU>.

=========================================================================
Advanced HDL Synthesis Report

Macro Statistics
# FSMs                                                 : 1
# RAMs                                                 : 1
 16x8-bit single-port distributed RAM                  : 1
# Adders/Subtractors                                   : 1
 9-bit addsub                                          : 1
# Counters                                             : 1
 4-bit up counter                                      : 1
# Registers                                            : 35
 Flip-Flops                                            : 35

=========================================================================

=========================================================================
*                         Low Level Synthesis                           *
=========================================================================

Optimizing unit <Top_System> ...

Optimizing unit <Simple_CPU> ...

Mapping all equations...
Building and optimizing final netlist ...
Found area constraint ratio of 100 (+ 5) on block Top_System, actual ratio is 1.

Final Macro Processing ...

=========================================================================
Final Register Report

Macro Statistics
# Registers                                            : 41
 Flip-Flops                                            : 41

=========================================================================

=========================================================================
*                           Partition Report                            *
=========================================================================

Partition Implementation Status
-------------------------------

  No Partitions were found in this design.

-------------------------------

=========================================================================
*                            Final Report                               *
=========================================================================
Final Results
RTL Top Level Output File Name     : Top_System.ngr
Top Level Output File Name         : Top_System
Output Format                      : NGC
Optimization Goal                  : Speed
Keep Hierarchy                     : No

Design Statistics
# IOs                              : 11

Cell Usage :
# BELS                             : 103
#      INV                         : 3
#      LUT2                        : 4
#      LUT2_D                      : 1
#      LUT2_L                      : 3
#      LUT3                        : 17
#      LUT3_L                      : 2
#      LUT4                        : 33
#      LUT4_D                      : 2
#      LUT4_L                      : 16
#      MUXCY                       : 8
#      MUXF5                       : 4
#      VCC                         : 1
#      XORCY                       : 9
# FlipFlops/Latches                : 41
#      FDCE                        : 21
#      FDE                         : 20
# RAMS                             : 8
#      RAM16X1S                    : 8
# Clock Buffers                    : 1
#      BUFGP                       : 1
# IO Buffers                       : 10
#      IBUF                        : 1
#      OBUF                        : 9
=========================================================================

Device utilization summary:
---------------------------

Selected Device : 3s400pq208-5 

 Number of Slices:                       53  out of   3584     1%  
 Number of Slice Flip Flops:             41  out of   7168     0%  
 Number of 4 input LUTs:                 89  out of   7168     1%  
    Number used as logic:                81
    Number used as RAMs:                  8
 Number of IOs:                          11
 Number of bonded IOBs:                  11  out of    141     7%  
 Number of GCLKs:                         1  out of      8    12%  

---------------------------
Partition Resource Summary:
---------------------------

  No Partitions were found in this design.

---------------------------


=========================================================================
TIMING REPORT

NOTE: THESE TIMING NUMBERS ARE ONLY A SYNTHESIS ESTIMATE.
      FOR ACCURATE TIMING INFORMATION PLEASE REFER TO THE TRACE REPORT
      GENERATED AFTER PLACE-and-ROUTE.

Clock Information:
------------------
-----------------------------------+------------------------+-------+
Clock Signal                       | Clock buffer(FF name)  | Load  |
-----------------------------------+------------------------+-------+
CLK                                | BUFGP                  | 49    |
-----------------------------------+------------------------+-------+

Asynchronous Control Signals Information:
----------------------------------------
-----------------------------------------------+------------------------+-------+
Control Signal                                 | Buffer(FF name)        | Load  |
-----------------------------------------------+------------------------+-------+
CPU_Inst/rst_n_inv(CPU_Inst/rst_n_inv1_INV_0:O)| NONE(CPU_Inst/ACC_0)   | 21    |
-----------------------------------------------+------------------------+-------+

Timing Summary:
---------------
Speed Grade: -5

   Minimum period: 7.420ns (Maximum Frequency: 134.772MHz)
   Minimum input arrival time before clock: 3.713ns
   Maximum output required time after clock: 6.441ns
   Maximum combinational path delay: No path found

Timing Detail:
--------------
All values displayed in nanoseconds (ns)

=========================================================================
Timing constraint: Default period analysis for Clock 'CLK'
  Clock period: 7.420ns (frequency: 134.772MHz)
  Total number of paths / destination ports: 1871 / 129
-------------------------------------------------------------------------
Delay:               7.420ns (Levels of Logic = 5)
  Source:            CPU_Inst/MAR_0 (FF)
  Destination:       CPU_Inst/ACC_8 (FF)
  Source Clock:      CLK rising
  Destination Clock: CLK rising

  Data Path: CPU_Inst/MAR_0 to CPU_Inst/ACC_8
                                Gate     Net
    Cell:in->out      fanout   Delay   Delay  Logical Name (Net Name)
    ----------------------------------------  ------------
     FDCE:C->Q            18   0.626   1.204  CPU_Inst/MAR_0 (CPU_Inst/MAR_0)
     RAM16X1S:A0->O       14   0.932   1.304  Mem_Inst/Mram_RAM_DATA5 (bus_data_read<4>)
     LUT4_D:I0->LO         1   0.479   0.159  CPU_Inst/ACC_mux0000<1>173 (N72)
     LUT3:I2->O            8   0.479   0.944  CPU_Inst/ACC_mux0000<1>186 (CPU_Inst/N01)
     LUT4_L:I3->LO         1   0.479   0.159  CPU_Inst/ACC_mux0000<8>_SW0_SW0 (N22)
     LUT3:I2->O            1   0.479   0.000  CPU_Inst/ACC_mux0000<8> (CPU_Inst/ACC_mux0000<8>)
     FDCE:D                    0.176          CPU_Inst/ACC_8
    ----------------------------------------
    Total                      7.420ns (3.650ns logic, 3.770ns route)
                                       (49.2% logic, 50.8% route)

=========================================================================
Timing constraint: Default OFFSET IN BEFORE for Clock 'CLK'
  Total number of paths / destination ports: 20 / 20
-------------------------------------------------------------------------
Offset:              3.713ns (Levels of Logic = 2)
  Source:            RESET (PAD)
  Destination:       CPU_Inst/mem_data_out_7 (FF)
  Destination Clock: CLK rising

  Data Path: RESET to CPU_Inst/mem_data_out_7
                                Gate     Net
    Cell:in->out      fanout   Delay   Delay  Logical Name (Net Name)
    ----------------------------------------  ------------
     IBUF:I->O             4   0.715   1.074  RESET_IBUF (RESET_IBUF)
     LUT4:I0->O            8   0.479   0.921  CPU_Inst/mem_data_out_and00001 (CPU_Inst/mem_data_out_and0000)
     FDE:CE                    0.524          CPU_Inst/mem_data_out_0
    ----------------------------------------
    Total                      3.713ns (1.718ns logic, 1.995ns route)
                                       (46.3% logic, 53.7% route)

=========================================================================
Timing constraint: Default OFFSET OUT AFTER for Clock 'CLK'
  Total number of paths / destination ports: 9 / 9
-------------------------------------------------------------------------
Offset:              6.441ns (Levels of Logic = 1)
  Source:            CPU_Inst/halted (FF)
  Destination:       HALT_LED (PAD)
  Source Clock:      CLK rising

  Data Path: CPU_Inst/halted to HALT_LED
                                Gate     Net
    Cell:in->out      fanout   Delay   Delay  Logical Name (Net Name)
    ----------------------------------------  ------------
     FDCE:C->Q             7   0.626   0.906  CPU_Inst/halted (CPU_Inst/halted)
     OBUF:I->O                 4.909          HALT_LED_OBUF (HALT_LED)
    ----------------------------------------
    Total                      6.441ns (5.535ns logic, 0.906ns route)
                                       (85.9% logic, 14.1% route)

=========================================================================


Total REAL time to Xst completion: 7.00 secs
Total CPU time to Xst completion: 2.12 secs
 
--> 


Total memory usage is 613492 kilobytes

Number of errors   :    0 (   0 filtered)
Number of warnings :   12 (   0 filtered)
Number of infos    :    2 (   0 filtered)

