--------------------------------------------------------------------------------
Release 14.7 Trace  (lin64)
Copyright (c) 1995-2013 Xilinx, Inc.  All rights reserved.

/opt/Xilinx/14.7/ISE_DS/ISE/bin/lin64/unwrapped/trce -intstyle ise -v 3 -s 5 -n
3 -fastpaths -xml Structural_Computer.twx Structural_Computer.ncd -o
Structural_Computer.twr Structural_Computer.pcf

Design file:              Structural_Computer.ncd
Physical constraint file: Structural_Computer.pcf
Device,package,speed:     xc3s400,pq208,-5 (PRODUCTION 1.39 2013-10-13)
Report level:             verbose report

Environment Variable      Effect 
--------------------      ------ 
NONE                      No environment variables were set
--------------------------------------------------------------------------------

INFO:Timing:2698 - No timing constraints found, doing default enumeration.
INFO:Timing:3412 - To improve timing, see the Timing Closure User Guide (UG612).
INFO:Timing:2752 - To get complete path coverage, use the unconstrained paths 
   option. All paths that are not constrained will be reported in the 
   unconstrained paths section(s) of the report.
INFO:Timing:3339 - The clock-to-out numbers in this timing report are based on 
   a 50 Ohm transmission line loading model.  For the details of this model, 
   and for more information on accounting for different loading conditions, 
   please see the device datasheet.
INFO:Timing:3390 - This architecture does not support a default System Jitter 
   value, please add SYSTEM_JITTER constraint to the UCF to modify the Clock 
   Uncertainty calculation.
INFO:Timing:3389 - This architecture does not support 'Discrete Jitter' and 
   'Phase Error' calculations, these terms will be zero in the Clock 
   Uncertainty calculation.  Please make appropriate modification to 
   SYSTEM_JITTER to account for the unsupported Discrete Jitter and Phase 
   Error.



Data Sheet report:
-----------------
All values displayed in nanoseconds (ns)

Setup/Hold to clock CLK
------------+------------+------------+------------------+--------+
            |Max Setup to|Max Hold to |                  | Clock  |
Source      | clk (edge) | clk (edge) |Internal Clock(s) | Phase  |
------------+------------+------------+------------------+--------+
SWITCHES<0> |    3.671(R)|   -0.702(R)|CLK_BUFGP         |   0.000|
SWITCHES<1> |    4.236(R)|   -0.973(R)|CLK_BUFGP         |   0.000|
SWITCHES<2> |    3.424(R)|   -0.287(R)|CLK_BUFGP         |   0.000|
SWITCHES<3> |    3.412(R)|   -0.489(R)|CLK_BUFGP         |   0.000|
SWITCHES<4> |    3.079(R)|   -0.203(R)|CLK_BUFGP         |   0.000|
SWITCHES<5> |    3.032(R)|   -0.051(R)|CLK_BUFGP         |   0.000|
SWITCHES<6> |    3.984(R)|   -0.986(R)|CLK_BUFGP         |   0.000|
SWITCHES<7> |    3.084(R)|   -0.272(R)|CLK_BUFGP         |   0.000|
------------+------------+------------+------------------+--------+

Clock CLK to Pad
------------+------------+------------------+--------+
            | clk (edge) |                  | Clock  |
Destination |   to PAD   |Internal Clock(s) | Phase  |
------------+------------+------------------+--------+
LEDS_OUT<0> |    8.321(R)|CLK_BUFGP         |   0.000|
LEDS_OUT<1> |    8.341(R)|CLK_BUFGP         |   0.000|
LEDS_OUT<2> |    8.383(R)|CLK_BUFGP         |   0.000|
LEDS_OUT<3> |    8.133(R)|CLK_BUFGP         |   0.000|
LEDS_OUT<4> |    8.388(R)|CLK_BUFGP         |   0.000|
LEDS_OUT<5> |    8.319(R)|CLK_BUFGP         |   0.000|
LEDS_OUT<6> |    8.175(R)|CLK_BUFGP         |   0.000|
LEDS_OUT<7> |    7.993(R)|CLK_BUFGP         |   0.000|
------------+------------+------------------+--------+

Clock to Setup on destination clock CLK
---------------+---------+---------+---------+---------+
               | Src:Rise| Src:Fall| Src:Rise| Src:Fall|
Source Clock   |Dest:Rise|Dest:Rise|Dest:Fall|Dest:Fall|
---------------+---------+---------+---------+---------+
CLK            |    7.695|         |         |         |
---------------+---------+---------+---------+---------+


Analysis completed Sun Jan 25 09:25:31 2026 
--------------------------------------------------------------------------------

Trace Settings:
-------------------------
Trace Settings 

Peak Memory Usage: 320 MB



