V3 25
FL C:/Users/Lenovo/Desktop/H_B/S05/ArrayMultiplier.vhd 2025/12/03.14:10:03 P.20131013
EN work/ArrayMultiplier4bit 1764759907 \
      FL C:/Users/Lenovo/Desktop/H_B/S05/ArrayMultiplier.vhd \
      PB ieee/std_logic_1164 1381692176
AR work/ArrayMultiplier4bit/Structural 1764759908 \
      FL C:/Users/Lenovo/Desktop/H_B/S05/ArrayMultiplier.vhd \
      EN work/ArrayMultiplier4bit 1764759907 CP CarryLookaheadAdder
FL C:/Users/Lenovo/Desktop/H_B/S05/Booth.vhd 2025/12/03.15:23:34 P.20131013
EN work/booth_multiplier 1764763253 FL C:/Users/Lenovo/Desktop/H_B/S05/Booth.vhd \
      PB ieee/std_logic_1164 1381692176 PB ieee/STD_LOGIC_SIGNED 1381692178
AR work/booth_multiplier/behavior 1764763254 \
      FL C:/Users/Lenovo/Desktop/H_B/S05/Booth.vhd EN work/booth_multiplier 1764763253
FL C:/Users/Lenovo/Desktop/H_B/S05/CarrySaveAdderMultiplier.vhd 2025/12/03.13:27:14 P.20131013
EN work/CarrySaveMultiplier4bit 1764760448 \
      FL C:/Users/Lenovo/Desktop/H_B/S05/CarrySaveAdderMultiplier.vhd \
      PB ieee/std_logic_1164 1381692176
AR work/CarrySaveMultiplier4bit/Structural 1764760449 \
      FL C:/Users/Lenovo/Desktop/H_B/S05/CarrySaveAdderMultiplier.vhd \
      EN work/CarrySaveMultiplier4bit 1764760448 CP Half_Adder CP Full_Adder
FL C:/Users/Lenovo/Desktop/H_B/S05/CLA.vhd 2025/12/03.13:27:14 P.20131013
EN work/CarryLookaheadAdder 1764759905 FL C:/Users/Lenovo/Desktop/H_B/S05/CLA.vhd \
      PB ieee/std_logic_1164 1381692176
AR work/CarryLookaheadAdder/Structural 1764759906 \
      FL C:/Users/Lenovo/Desktop/H_B/S05/CLA.vhd EN work/CarryLookaheadAdder 1764759905 \
      CP CarryLookaheadLogic
FL C:/Users/Lenovo/Desktop/H_B/S05/CLA_LOGIC.vhd 2025/12/03.13:27:14 P.20131013
EN work/CarryLookaheadLogic 1764759903 \
      FL C:/Users/Lenovo/Desktop/H_B/S05/CLA_LOGIC.vhd PB ieee/std_logic_1164 1381692176
AR work/CarryLookaheadLogic/Behavioral 1764759904 \
      FL C:/Users/Lenovo/Desktop/H_B/S05/CLA_LOGIC.vhd \
      EN work/CarryLookaheadLogic 1764759903
FL C:/Users/Lenovo/Desktop/H_B/S05/FullAdder.vhd 2025/12/03.13:27:14 P.20131013
EN work/Full_Adder 1764760446 FL C:/Users/Lenovo/Desktop/H_B/S05/FullAdder.vhd \
      PB ieee/std_logic_1164 1381692176
AR work/Full_Adder/Behavioral 1764760447 \
      FL C:/Users/Lenovo/Desktop/H_B/S05/FullAdder.vhd EN work/Full_Adder 1764760446
FL C:/Users/Lenovo/Desktop/H_B/S05/HalfAdder.vhd 2025/12/03.13:27:14 P.20131013
EN work/Half_Adder 1764760444 FL C:/Users/Lenovo/Desktop/H_B/S05/HalfAdder.vhd \
      PB ieee/std_logic_1164 1381692176
AR work/Half_Adder/Behavioral 1764760445 \
      FL C:/Users/Lenovo/Desktop/H_B/S05/HalfAdder.vhd EN work/Half_Adder 1764760444
