AR not_gate behavioral C:/Users/Lenovo/Desktop/H_B/tester/not_gate.vhd sub00/vhpl05 1759853082
EN not_gate NULL C:/Users/Lenovo/Desktop/H_B/tester/not_gate.vhd sub00/vhpl04 1759853081
EN ander NULL C:/Users/Lenovo/Desktop/H_B/tester/ander.vhd sub00/vhpl00 1759853083
AR ander behavioral C:/Users/Lenovo/Desktop/H_B/tester/ander.vhd sub00/vhpl01 1759853084
AR mux41 behavioral C:/Users/Lenovo/Desktop/H_B/tester/mux41.vhd sub00/vhpl03 1759853086
EN mux41 NULL C:/Users/Lenovo/Desktop/H_B/tester/mux41.vhd sub00/vhpl02 1759853085
